// Jest Snapshot v1, https://goo.gl/fbAQLP

exports[`<NewPasswordForm /> email does not exist in database component renders correctly 1`] = `
<form
  className="form"
>
  <h1
    className="title"
  >
    New Password
  </h1>
  <Field
    component={[Function]}
    name="password"
    validate={[Function]}
  />
  <button
    className="buttonSubmit"
    type="submit"
  >
    Change Password
  </button>
</form>
`;

exports[`<NewPasswordForm /> email exists in database component renders correctly 1`] = `
<form
  className="form"
>
  <h1
    className="title"
  >
    New Password
  </h1>
  <Field
    component={[Function]}
    name="password"
    validate={[Function]}
  />
  <button
    className="buttonSubmit"
    type="submit"
  >
    Change Password
  </button>
</form>
`;
